------------------------------------------------------------
Timing Analyzer Summary
------------------------------------------------------------

Type  : Slow 1200mV 85C Model Setup 'clk'
Slack : -6.936
TNS   : -291.226

Type  : Slow 1200mV 85C Model Setup 'debounce:btnDebounce|btn_current'
Slack : -1.787
TNS   : -51.868

Type  : Slow 1200mV 85C Model Hold 'debounce:btnDebounce|btn_current'
Slack : 0.356
TNS   : 0.000

Type  : Slow 1200mV 85C Model Hold 'clk'
Slack : 0.386
TNS   : 0.000

Type  : Slow 1200mV 85C Model Minimum Pulse Width 'clk'
Slack : -3.000
TNS   : -114.795

Type  : Slow 1200mV 85C Model Minimum Pulse Width 'debounce:btnDebounce|btn_current'
Slack : -1.285
TNS   : -114.365

Type  : Slow 1200mV 0C Model Setup 'clk'
Slack : -6.281
TNS   : -260.107

Type  : Slow 1200mV 0C Model Setup 'debounce:btnDebounce|btn_current'
Slack : -1.518
TNS   : -41.933

Type  : Slow 1200mV 0C Model Hold 'clk'
Slack : 0.339
TNS   : 0.000

Type  : Slow 1200mV 0C Model Hold 'debounce:btnDebounce|btn_current'
Slack : 0.382
TNS   : 0.000

Type  : Slow 1200mV 0C Model Minimum Pulse Width 'clk'
Slack : -3.000
TNS   : -114.795

Type  : Slow 1200mV 0C Model Minimum Pulse Width 'debounce:btnDebounce|btn_current'
Slack : -1.285
TNS   : -114.365

Type  : Fast 1200mV 0C Model Setup 'clk'
Slack : -3.290
TNS   : -111.609

Type  : Fast 1200mV 0C Model Setup 'debounce:btnDebounce|btn_current'
Slack : -0.395
TNS   : -6.511

Type  : Fast 1200mV 0C Model Hold 'clk'
Slack : 0.174
TNS   : 0.000

Type  : Fast 1200mV 0C Model Hold 'debounce:btnDebounce|btn_current'
Slack : 0.179
TNS   : 0.000

Type  : Fast 1200mV 0C Model Minimum Pulse Width 'clk'
Slack : -3.000
TNS   : -95.578

Type  : Fast 1200mV 0C Model Minimum Pulse Width 'debounce:btnDebounce|btn_current'
Slack : -1.000
TNS   : -89.000

------------------------------------------------------------
